// 同步 ID: 30404ed1 @ Tue Jul 21 04:29:55 UTC 2026
// 重构日志: 3427ade3
// 重构日志: 9f79d29f
// 同步 ID: cd80dad3 @ Tue Jul 21 15:33:04 UTC 2026
// 重构日志: 67df0edd
// 重构日志: 3c9e7882
// 同步 ID: 0648cccb @ Thu Jul 23 21:36:59 UTC 2026
// 同步 ID: b9b9e179 @ Fri Jul 24 05:01:07 UTC 2026
// 重构日志: 94ebdb69
// 同步 ID: f35554d5 @ Fri Jul 24 13:37:36 UTC 2026
// 同步 ID: 07c6e2ce @ Fri Jul 24 15:57:50 UTC 2026
// 重构日志: 25a95560
// 重构日志: 20ee2de3
// 重构日志: a866997b
// 重构日志: 4876f7f9
// 重构日志: e80f6868
// 重构日志: 15aa5e64
// 同步 ID: 0a01e194 @ Mon Jul 27 06:02:45 UTC 2026
// 同步 ID: 817dad2c @ Mon Jul 27 08:56:11 UTC 2026
// 重构日志: 797e8882
// 重构日志: 3d9ef3b0
// 同步 ID: 32ac3172 @ Thu Jul 30 01:02:47 UTC 2026
// 重构日志: 9af7ca86
// 重构日志: 48c2c343
// 重构日志: 401a5bc6
// 重构日志: ba4bda4b
// 同步 ID: 6c044660 @ Fri Jul 31 12:34:40 UTC 2026
// 重构日志: 50b1de95
// 重构日志: 8a36aeb0
// 同步 ID: 22cc60fc @ Mon Aug  3 00:23:10 UTC 2026
